PS C:\Users\Pedro Cipriano\Desktop\GitHub> echo "#curso_github" >> README.md
PS C:\Users\Pedro Cipriano\Desktop\GitHub> git init
Initialized empty Git repository in C:/Users/Pedro Cipriano/Desktop/GitHub/.git/
PS C:\Users\Pedro Cipriano\Desktop\GitHub> git add README.md 
PS C:\Users\Pedro Cipriano\Desktop\GitHub> git commit -m "first commit"
[master (root-commit) 9ce4842] first commit
 1 file changed, 0 insertions(+), 0 deletions(-)
 create mode 100644 README.md
PS C:\Users\Pedro Cipriano\Desktop\GitHub> git branch -M main
PS C:\Users\Pedro Cipriano\Desktop\GitHub> git remote add origin https://github.com/KazAyelCipriano/curso_github.git
PS C:\Users\Pedro Cipriano\Desktop\GitHub> git push -u origin main
info: please complete authentication in your browser...
Enumerating objects: 3, done.
Counting objects: 100% (3/3), done.
Writing objects: 100% (3/3), 247 bytes | 247.00 KiB/s, done.
Total 3 (delta 0), reused 0 (delta 0), pack-reused 0 (from 0)
To https://github.com/KazAyelCipriano/curso_github.git
 * [new branch]      main -> main
branch 'main' set up to track 'origin/main'.
PS C:\Users\Pedro Cipriano\Desktop\GitHub> git add .
PS C:\Users\Pedro Cipriano\Desktop\GitHub> git commit index.html -m "Enviando portfolio"
warning: in the working copy of 'index.html', LF will be replaced by CRLF the next time Git touches it
[main 1068389] Enviando portfolio
 1 file changed, 81 insertions(+)
 create mode 100644 index.html
PS C:\Users\Pedro Cipriano\Desktop\GitHub> git status
On branch main
Your branch is ahead of 'origin/main' by 1 commit.
  (use "git push" to publish your local commits)

Changes to be committed:
  (use "git restore --staged <file>..." to unstage)
        new file:   Slides_Curso_Git_GitHub.pdf
        new file:   css/styles.css
        new file:   img/profile.jpg
        new file:   img/profile.png
        new file:   mintty.2024-12-18_02-03-52.png

PS C:\Users\Pedro Cipriano\Desktop\GitHub> git commit -a -m "Enviando repositorio"
[main 5428a3c] Enviando repositorio
 5 files changed, 236 insertions(+)
 create mode 100644 Slides_Curso_Git_GitHub.pdf
 create mode 100644 css/styles.css
 create mode 100644 img/profile.jpg
 create mode 100644 img/profile.png
 create mode 100644 mintty.2024-12-18_02-03-52.png
PS C:\Users\Pedro Cipriano\Desktop\GitHub> git status
On branch main
Your branch is ahead of 'origin/main' by 2 commits.
  (use "git push" to publish your local commits)

nothing to commit, working tree clean
PS C:\Users\Pedro Cipriano\Desktop\GitHub> git push
Enumerating objects: 13, done.
Counting objects: 100% (13/13), done.
Delta compression using up to 12 threads
Compressing objects: 100% (11/11), done.
Writing objects: 100% (12/12), 1011.87 KiB | 797.00 KiB/s, done.
Total 12 (delta 1), reused 0 (delta 0), pack-reused 0 (from 0)
remote: Resolving deltas: 100% (1/1), done.
To https://github.com/KazAyelCipriano/curso_github.git
   92b20d0..5428a3c  main -> main
PS C:\Users\Pedro Cipriano\Desktop\GitHub>